---
http_interactions:
- request:
    method: get
    uri: http://192.168.22.144:55001/CPM?cmd=%3Cname%3EGetCpInfo%3C/name%3E
    body:
      encoding: US-ASCII
      string: ''
    headers:
      Accept-Encoding:
      - gzip;q=1.0,deflate;q=0.6,identity;q=0.3
      Accept:
      - "*/*"
      User-Agent:
      - Ruby
      Host:
      - 192.168.22.144:55001
  response:
    status:
      code: 200
      message: OK
    headers:
      Date:
      - Mon, 06 Apr 2020 19:20:21 GMT
      Server:
      - Samsung/1.0
      Content-Type:
      - text/html
      Content-Length:
      - '319'
      Connection:
      - close
      Last-Modified:
      - Mon, 06 Apr 2020 19:20:21 GMT
    body:
      encoding: UTF-8
      string: |-
        <?xml version="1.0" encoding="UTF-8"?><CPM><method>CpInfo</method><version>0.1</version><speakerip>192.168.22.144</speakerip><user_identifier>public</user_identifier><response result="ok">
            <cpname>Spotify</cpname>
            <timestamp>2020-04-06T18:52:22Z</timestamp>
            <signinstatus>0</signinstatus>
        </response>
        </CPM>
    http_version: 
  recorded_at: Mon, 06 Apr 2020 19:20:22 GMT
- request:
    method: get
    uri: http://192.168.22.144:55001/CPM?cmd=%3Cname%3EGetCpInfo%3C/name%3E
    body:
      encoding: US-ASCII
      string: ''
    headers:
      Accept-Encoding:
      - gzip;q=1.0,deflate;q=0.6,identity;q=0.3
      Accept:
      - "*/*"
      User-Agent:
      - Ruby
      Host:
      - 192.168.22.144:55001
  response:
    status:
      code: 200
      message: OK
    headers:
      Date:
      - Mon, 06 Apr 2020 19:20:21 GMT
      Server:
      - Samsung/1.0
      Content-Type:
      - text/html
      Content-Length:
      - '319'
      Connection:
      - close
      Last-Modified:
      - Mon, 06 Apr 2020 19:20:21 GMT
    body:
      encoding: UTF-8
      string: |-
        <?xml version="1.0" encoding="UTF-8"?><CPM><method>CpInfo</method><version>0.1</version><speakerip>192.168.22.144</speakerip><user_identifier>public</user_identifier><response result="ok">
            <cpname>Spotify</cpname>
            <timestamp>2020-04-06T18:52:22Z</timestamp>
            <signinstatus>0</signinstatus>
        </response>
        </CPM>
    http_version: 
  recorded_at: Mon, 06 Apr 2020 19:20:22 GMT
- request:
    method: get
    uri: http://192.168.22.144:55001/CPM?cmd=%3Cname%3EGetCpInfo%3C/name%3E
    body:
      encoding: US-ASCII
      string: ''
    headers:
      Accept-Encoding:
      - gzip;q=1.0,deflate;q=0.6,identity;q=0.3
      Accept:
      - "*/*"
      User-Agent:
      - Ruby
      Host:
      - 192.168.22.144:55001
  response:
    status:
      code: 200
      message: OK
    headers:
      Date:
      - Mon, 06 Apr 2020 19:20:21 GMT
      Server:
      - Samsung/1.0
      Content-Type:
      - text/html
      Content-Length:
      - '319'
      Connection:
      - close
      Last-Modified:
      - Mon, 06 Apr 2020 19:20:21 GMT
    body:
      encoding: UTF-8
      string: |-
        <?xml version="1.0" encoding="UTF-8"?><CPM><method>CpInfo</method><version>0.1</version><speakerip>192.168.22.144</speakerip><user_identifier>public</user_identifier><response result="ok">
            <cpname>Spotify</cpname>
            <timestamp>2020-04-06T18:52:22Z</timestamp>
            <signinstatus>0</signinstatus>
        </response>
        </CPM>
    http_version: 
  recorded_at: Mon, 06 Apr 2020 19:20:22 GMT
- request:
    method: get
    uri: http://192.168.22.144:55001/CPM?cmd=%3Cname%3EGetCpInfo%3C/name%3E
    body:
      encoding: US-ASCII
      string: ''
    headers:
      Accept-Encoding:
      - gzip;q=1.0,deflate;q=0.6,identity;q=0.3
      Accept:
      - "*/*"
      User-Agent:
      - Ruby
      Host:
      - 192.168.22.144:55001
  response:
    status:
      code: 200
      message: OK
    headers:
      Date:
      - Mon, 06 Apr 2020 19:20:21 GMT
      Server:
      - Samsung/1.0
      Content-Type:
      - text/html
      Content-Length:
      - '319'
      Connection:
      - close
      Last-Modified:
      - Mon, 06 Apr 2020 19:20:21 GMT
    body:
      encoding: UTF-8
      string: |-
        <?xml version="1.0" encoding="UTF-8"?><CPM><method>CpInfo</method><version>0.1</version><speakerip>192.168.22.144</speakerip><user_identifier>public</user_identifier><response result="ok">
            <cpname>Spotify</cpname>
            <timestamp>2020-04-06T18:52:22Z</timestamp>
            <signinstatus>0</signinstatus>
        </response>
        </CPM>
    http_version: 
  recorded_at: Mon, 06 Apr 2020 19:20:23 GMT
recorded_with: VCR 4.0.0
